[11:35:04][INFO] USE Adapter:NVIDIA GeForce RTX 4060 Laptop GPU
[11:35:05][INFO] Feature Level: 12.2
[11:35:06][INFO] Begin CompileShader, path:Resources/shaders/postprocess/FullscreenVS.hlsl, profile:vs_6_0
[11:35:06][INFO] Compile Succeeded, path:Resources/shaders/postprocess/FullscreenVS.hlsl, profile:vs_6_0
[11:35:06][INFO] Begin CompileShader, path:Resources/shaders/postprocess/GrayscalePS.hlsl, profile:ps_6_0
[11:35:06][INFO] Compile Succeeded, path:Resources/shaders/postprocess/GrayscalePS.hlsl, profile:ps_6_0
[11:35:06][INFO] Begin CompileShader, path:Resources/shaders/postprocess/FullscreenVS.hlsl, profile:vs_6_0
[11:35:06][INFO] Compile Succeeded, path:Resources/shaders/postprocess/FullscreenVS.hlsl, profile:vs_6_0
[11:35:06][INFO] Begin CompileShader, path:Resources/shaders/postprocess/KernelFilterPS.hlsl, profile:ps_6_0
[11:35:07][INFO] Compile Succeeded, path:Resources/shaders/postprocess/KernelFilterPS.hlsl, profile:ps_6_0
[11:35:07][INFO] Begin CompileShader, path:Resources/shaders/postprocess/GaussianFilterPS.hlsl, profile:ps_6_0
[11:35:07][INFO] Compile Succeeded, path:Resources/shaders/postprocess/GaussianFilterPS.hlsl, profile:ps_6_0
[11:35:07][INFO] Begin CompileShader, path:Resources/shaders/postprocess/PrewittEdgePS.hlsl, profile:ps_6_0
[11:35:07][INFO] Compile Succeeded, path:Resources/shaders/postprocess/PrewittEdgePS.hlsl, profile:ps_6_0
[11:35:07][INFO] Begin CompileShader, path:Resources/shaders/postprocess/DepthOutlinePS.hlsl, profile:ps_6_0
[11:35:07][INFO] Compile Succeeded, path:Resources/shaders/postprocess/DepthOutlinePS.hlsl, profile:ps_6_0
[11:35:07][INFO] Begin CompileShader, path:Resources/shaders/postprocess/RadialBlurPS.hlsl, profile:ps_6_0
[11:35:07][INFO] Compile Succeeded, path:Resources/shaders/postprocess/RadialBlurPS.hlsl, profile:ps_6_0
[11:35:07][INFO] Begin CompileShader, path:Resources/shaders/postprocess/DissolvePS.hlsl, profile:ps_6_0
[11:35:07][INFO] Compile Succeeded, path:Resources/shaders/postprocess/DissolvePS.hlsl, profile:ps_6_0
[11:35:07][INFO] Begin CompileShader, path:Resources/shaders/postprocess/NoisePS.hlsl, profile:ps_6_0
[11:35:07][INFO] Compile Succeeded, path:Resources/shaders/postprocess/NoisePS.hlsl, profile:ps_6_0
[11:35:07][INFO] Begin CompileShader, path:Resources/shaders/postprocess/FullscreenVS.hlsl, profile:vs_6_0
[11:35:07][INFO] Compile Succeeded, path:Resources/shaders/postprocess/FullscreenVS.hlsl, profile:vs_6_0
[11:35:07][INFO] Begin CompileShader, path:Resources/shaders/postprocess/VignettePS.hlsl, profile:ps_6_0
[11:35:07][INFO] Compile Succeeded, path:Resources/shaders/postprocess/VignettePS.hlsl, profile:ps_6_0
[11:35:07][INFO] Begin CompileShader, path:Resources/shaders/postprocess/FullscreenVS.hlsl, profile:vs_6_0
[11:35:07][INFO] Compile Succeeded, path:Resources/shaders/postprocess/FullscreenVS.hlsl, profile:vs_6_0
[11:35:07][INFO] Begin CompileShader, path:Resources/shaders/postprocess/HsvFilterPS.hlsl, profile:ps_6_0
[11:35:07][INFO] Compile Succeeded, path:Resources/shaders/postprocess/HsvFilterPS.hlsl, profile:ps_6_0
[11:35:07][INFO] Begin CompileShader, path:Resources/shaders/Particle/Particle.VS.hlsl, profile:vs_6_0
[11:35:07][INFO] Compile Succeeded, path:Resources/shaders/Particle/Particle.VS.hlsl, profile:vs_6_0
[11:35:07][INFO] Begin CompileShader, path:Resources/shaders/Particle/Particle.PS.hlsl, profile:ps_6_0
[11:35:07][INFO] Compile Succeeded, path:Resources/shaders/Particle/Particle.PS.hlsl, profile:ps_6_0
[11:35:07][INFO] Begin CompileShader, path:Resources/shaders/Particle/ParticleUpdate.CS.hlsl, profile:cs_6_0
[11:35:07][INFO] Compile Succeeded, path:Resources/shaders/Particle/ParticleUpdate.CS.hlsl, profile:cs_6_0
[11:35:07][INFO] Begin CompileShader, path:Resources/shaders/Particle/EmitParticle.CS.hlsl, profile:cs_6_0
[11:35:07][INFO] Compile Succeeded, path:Resources/shaders/Particle/EmitParticle.CS.hlsl, profile:cs_6_0
[11:35:09][INFO] Audio System Initialized.
[11:35:10][INFO] Begin CompileShader, path:Resources/shaders/object3d/Object3dVS.hlsl, profile:vs_6_0
[11:35:10][INFO] Compile Succeeded, path:Resources/shaders/object3d/Object3dVS.hlsl, profile:vs_6_0
[11:35:10][INFO] Begin CompileShader, path:Resources/shaders/object3d/Object3dPS.hlsl, profile:ps_6_0
[11:35:10][INFO] Compile Succeeded, path:Resources/shaders/object3d/Object3dPS.hlsl, profile:ps_6_0
[11:35:10][INFO] Begin CompileShader, path:Resources/shaders/object3d/Object3dVS.hlsl, profile:vs_6_0
[11:35:10][INFO] Compile Succeeded, path:Resources/shaders/object3d/Object3dVS.hlsl, profile:vs_6_0
[11:35:10][INFO] Begin CompileShader, path:Resources/shaders/object3d/Object3dPS.hlsl, profile:ps_6_0
[11:35:10][INFO] Compile Succeeded, path:Resources/shaders/object3d/Object3dPS.hlsl, profile:ps_6_0
[11:35:10][INFO] Begin CompileShader, path:Resources/shaders/object3d/ShadowVS.hlsl, profile:vs_6_0
[11:35:10][INFO] Compile Succeeded, path:Resources/shaders/object3d/ShadowVS.hlsl, profile:vs_6_0
[11:35:13][INFO] Begin CompileShader, path:Resources/shaders/object3d/Object3dVS.hlsl, profile:vs_6_0
[11:35:13][INFO] Compile Succeeded, path:Resources/shaders/object3d/Object3dVS.hlsl, profile:vs_6_0
[11:35:13][INFO] Begin CompileShader, path:Resources/shaders/postprocess/NormalCapturePS.hlsl, profile:ps_6_0
[11:35:13][INFO] Compile Succeeded, path:Resources/shaders/postprocess/NormalCapturePS.hlsl, profile:ps_6_0
[11:35:13][INFO] Begin CompileShader, path:Resources/shaders/postprocess/FullscreenVS.hlsl, profile:vs_6_0
[11:35:13][INFO] Compile Succeeded, path:Resources/shaders/postprocess/FullscreenVS.hlsl, profile:vs_6_0
[11:35:13][INFO] Begin CompileShader, path:Resources/shaders/postprocess/SSAOPS.hlsl, profile:ps_6_0
[11:35:14][INFO] Compile Succeeded, path:Resources/shaders/postprocess/SSAOPS.hlsl, profile:ps_6_0
[11:35:14][INFO] Begin CompileShader, path:Resources/shaders/postprocess/SSAOBlurPS.hlsl, profile:ps_6_0
[11:35:14][INFO] Compile Succeeded, path:Resources/shaders/postprocess/SSAOBlurPS.hlsl, profile:ps_6_0
[11:35:14][INFO] Begin CompileShader, path:Resources/shaders/postprocess/SSAOApplyPS.hlsl, profile:ps_6_0
[11:35:14][INFO] Compile Succeeded, path:Resources/shaders/postprocess/SSAOApplyPS.hlsl, profile:ps_6_0
[11:35:14][INFO] Begin CompileShader, path:Resources/shaders/object3d/Object3dVS.hlsl, profile:vs_6_0
[11:35:14][INFO] Compile Succeeded, path:Resources/shaders/object3d/Object3dVS.hlsl, profile:vs_6_0
[11:35:14][INFO] Begin CompileShader, path:Resources/shaders/object3d/Object3dPS.hlsl, profile:ps_6_0
[11:35:14][INFO] Compile Succeeded, path:Resources/shaders/object3d/Object3dPS.hlsl, profile:ps_6_0
[11:35:14][INFO] Begin CompileShader, path:Resources/shaders/object3d/Object3dVS.hlsl, profile:vs_6_0
[11:35:14][INFO] Compile Succeeded, path:Resources/shaders/object3d/Object3dVS.hlsl, profile:vs_6_0
[11:35:14][INFO] Begin CompileShader, path:Resources/shaders/object3d/Object3dPS.hlsl, profile:ps_6_0
[11:35:14][INFO] Compile Succeeded, path:Resources/shaders/object3d/Object3dPS.hlsl, profile:ps_6_0
[11:35:34][INFO] Begin CompileShader, path:Resources/shaders/object3d/Object3dVS.hlsl, profile:vs_6_0
[11:35:34][INFO] Compile Succeeded, path:Resources/shaders/object3d/Object3dVS.hlsl, profile:vs_6_0
[11:35:34][INFO] Begin CompileShader, path:Resources/shaders/object3d/Object3dPS.hlsl, profile:ps_6_0
[11:35:34][INFO] Compile Succeeded, path:Resources/shaders/object3d/Object3dPS.hlsl, profile:ps_6_0
[11:35:34][INFO] Begin CompileShader, path:Resources/shaders/object3d/Object3dVS.hlsl, profile:vs_6_0
[11:35:34][INFO] Compile Succeeded, path:Resources/shaders/object3d/Object3dVS.hlsl, profile:vs_6_0
[11:35:34][INFO] Begin CompileShader, path:Resources/shaders/object3d/Object3dPS.hlsl, profile:ps_6_0
[11:35:34][INFO] Compile Succeeded, path:Resources/shaders/object3d/Object3dPS.hlsl, profile:ps_6_0
[11:35:34][INFO] Begin CompileShader, path:Resources/shaders/object3d/ShadowVS.hlsl, profile:vs_6_0
[11:35:34][INFO] Compile Succeeded, path:Resources/shaders/object3d/ShadowVS.hlsl, profile:vs_6_0
[11:35:36][INFO] Begin CompileShader, path:Resources/shaders/postprocess/FullscreenVS.hlsl, profile:vs_6_0
[11:35:36][INFO] Compile Succeeded, path:Resources/shaders/postprocess/FullscreenVS.hlsl, profile:vs_6_0
[11:35:36][INFO] Begin CompileShader, path:Resources/shaders/postprocess/GlassShatterPS.hlsl, profile:ps_6_0
[11:35:37][INFO] Compile Succeeded, path:Resources/shaders/postprocess/GlassShatterPS.hlsl, profile:ps_6_0
[11:35:37][INFO] Begin CompileShader, path:Resources/shaders/bladeflash/BladeFlash.VS.hlsl, profile:vs_6_0
[11:35:37][INFO] Compile Succeeded, path:Resources/shaders/bladeflash/BladeFlash.VS.hlsl, profile:vs_6_0
[11:35:37][INFO] Begin CompileShader, path:Resources/shaders/bladeflash/BladeFlash.PS.hlsl, profile:ps_6_0
[11:35:37][INFO] Compile Succeeded, path:Resources/shaders/bladeflash/BladeFlash.PS.hlsl, profile:ps_6_0
[11:35:37][INFO] Begin CompileShader, path:Resources/shaders/postprocess/FullscreenVS.hlsl, profile:vs_6_0
[11:35:37][INFO] Compile Succeeded, path:Resources/shaders/postprocess/FullscreenVS.hlsl, profile:vs_6_0
[11:35:37][INFO] Begin CompileShader, path:Resources/shaders/postprocess/SpaceDistortionPS.hlsl, profile:ps_6_0
[11:35:37][INFO] Compile Succeeded, path:Resources/shaders/postprocess/SpaceDistortionPS.hlsl, profile:ps_6_0
[11:35:37][INFO] Begin CompileShader, path:Resources/shaders/meshslice/MeshSlice.VS.hlsl, profile:vs_6_0
[11:35:37][INFO] Compile Succeeded, path:Resources/shaders/meshslice/MeshSlice.VS.hlsl, profile:vs_6_0
[11:35:37][INFO] Begin CompileShader, path:Resources/shaders/meshslice/MeshSlice.PS.hlsl, profile:ps_6_0
[11:35:37][INFO] Compile Succeeded, path:Resources/shaders/meshslice/MeshSlice.PS.hlsl, profile:ps_6_0
[11:35:37][INFO] Begin CompileShader, path:Resources/shaders/postprocess/FullscreenVS.hlsl, profile:vs_6_0
[11:35:37][INFO] Compile Succeeded, path:Resources/shaders/postprocess/FullscreenVS.hlsl, profile:vs_6_0
[11:35:37][INFO] Begin CompileShader, path:Resources/shaders/postprocess/GlassShatterPS.hlsl, profile:ps_6_0
[11:35:37][INFO] Compile Succeeded, path:Resources/shaders/postprocess/GlassShatterPS.hlsl, profile:ps_6_0
